// Jest Snapshot v1, https://goo.gl/fbAQLP

exports[`<Main/> should render the heading 1`] = `
<main
  class="styles__Wrapper-sc-1aznvf7-0 SEtZU"
>
  <img
    alt="Imagem de um átomo e React Avançado escrito ao lado"
    class="styles__Logo-sc-1aznvf7-1 cQvrkX"
    src="/img/logo.svg"
  />
  <h1
    class="styles__Title-sc-1aznvf7-2 naekF"
  >
    React Avançado
  </h1>
  <h2
    class="styles__Description-sc-1aznvf7-3 gKvlGG"
  >
    TypeScript, ReactJS, NextJS e Styled Components
  </h2>
  <img
    alt="Um desenvolvedor de frente para uma tela com códigos"
    class="styles__Illustration-sc-1aznvf7-4 ezQEJf"
    src="/img/hero-illustration.svg"
  />
</main>
`
